Archive member included because of file (symbol)

c:/ac6/systemworkbench/plugins/fr.ac6.mcu.externaltools.arm-none.win32_1.3.0.201507241045/tools/compiler/bin/../lib/gcc/arm-none-eabi/4.9.3/../../../../arm-none-eabi/lib/armv7e-m/fpu\libc_nano.a(lib_a-exit.o)
                              c:/ac6/systemworkbench/plugins/fr.ac6.mcu.externaltools.arm-none.win32_1.3.0.201507241045/tools/compiler/bin/../lib/gcc/arm-none-eabi/4.9.3/../../../../arm-none-eabi/lib/armv7e-m/fpu/crt0.o (exit)
c:/ac6/systemworkbench/plugins/fr.ac6.mcu.externaltools.arm-none.win32_1.3.0.201507241045/tools/compiler/bin/../lib/gcc/arm-none-eabi/4.9.3/../../../../arm-none-eabi/lib/armv7e-m/fpu\libc_nano.a(lib_a-impure.o)
                              c:/ac6/systemworkbench/plugins/fr.ac6.mcu.externaltools.arm-none.win32_1.3.0.201507241045/tools/compiler/bin/../lib/gcc/arm-none-eabi/4.9.3/../../../../arm-none-eabi/lib/armv7e-m/fpu\libc_nano.a(lib_a-exit.o) (_global_impure_ptr)
c:/ac6/systemworkbench/plugins/fr.ac6.mcu.externaltools.arm-none.win32_1.3.0.201507241045/tools/compiler/bin/../lib/gcc/arm-none-eabi/4.9.3/../../../../arm-none-eabi/lib/armv7e-m/fpu\libc_nano.a(lib_a-init.o)
                              c:/ac6/systemworkbench/plugins/fr.ac6.mcu.externaltools.arm-none.win32_1.3.0.201507241045/tools/compiler/bin/../lib/gcc/arm-none-eabi/4.9.3/../../../../arm-none-eabi/lib/armv7e-m/fpu/crt0.o (__libc_init_array)
c:/ac6/systemworkbench/plugins/fr.ac6.mcu.externaltools.arm-none.win32_1.3.0.201507241045/tools/compiler/bin/../lib/gcc/arm-none-eabi/4.9.3/../../../../arm-none-eabi/lib/armv7e-m/fpu\libc_nano.a(lib_a-memset.o)
                              c:/ac6/systemworkbench/plugins/fr.ac6.mcu.externaltools.arm-none.win32_1.3.0.201507241045/tools/compiler/bin/../lib/gcc/arm-none-eabi/4.9.3/../../../../arm-none-eabi/lib/armv7e-m/fpu/crt0.o (memset)
c:/ac6/systemworkbench/plugins/fr.ac6.mcu.externaltools.arm-none.win32_1.3.0.201507241045/tools/compiler/bin/../lib/gcc/arm-none-eabi/4.9.3/../../../../arm-none-eabi/lib/armv7e-m/fpu\libnosys.a(_exit.o)
                              c:/ac6/systemworkbench/plugins/fr.ac6.mcu.externaltools.arm-none.win32_1.3.0.201507241045/tools/compiler/bin/../lib/gcc/arm-none-eabi/4.9.3/../../../../arm-none-eabi/lib/armv7e-m/fpu\libc_nano.a(lib_a-exit.o) (_exit)

Allocating common symbols
Common symbol       size              file

uwTick              0x4               Drivers/STM32F4xx_HAL_Driver/stm32f4xx_hal.o
pFlash              0x20              Drivers/STM32F4xx_HAL_Driver/stm32f4xx_hal_flash.o
huart2              0x40              Application/User/usart.o

Discarded input sections

 .text          0x00000000        0x0 c:/ac6/systemworkbench/plugins/fr.ac6.mcu.externaltools.arm-none.win32_1.3.0.201507241045/tools/compiler/bin/../lib/gcc/arm-none-eabi/4.9.3/armv7e-m/fpu/crti.o
 .data          0x00000000        0x0 c:/ac6/systemworkbench/plugins/fr.ac6.mcu.externaltools.arm-none.win32_1.3.0.201507241045/tools/compiler/bin/../lib/gcc/arm-none-eabi/4.9.3/armv7e-m/fpu/crti.o
 .bss           0x00000000        0x0 c:/ac6/systemworkbench/plugins/fr.ac6.mcu.externaltools.arm-none.win32_1.3.0.201507241045/tools/compiler/bin/../lib/gcc/arm-none-eabi/4.9.3/armv7e-m/fpu/crti.o
 .data          0x00000000        0x4 c:/ac6/systemworkbench/plugins/fr.ac6.mcu.externaltools.arm-none.win32_1.3.0.201507241045/tools/compiler/bin/../lib/gcc/arm-none-eabi/4.9.3/armv7e-m/fpu/crtbegin.o
 .text          0x00000000       0x74 c:/ac6/systemworkbench/plugins/fr.ac6.mcu.externaltools.arm-none.win32_1.3.0.201507241045/tools/compiler/bin/../lib/gcc/arm-none-eabi/4.9.3/../../../../arm-none-eabi/lib/armv7e-m/fpu/crt0.o
 .data          0x00000000        0x0 c:/ac6/systemworkbench/plugins/fr.ac6.mcu.externaltools.arm-none.win32_1.3.0.201507241045/tools/compiler/bin/../lib/gcc/arm-none-eabi/4.9.3/../../../../arm-none-eabi/lib/armv7e-m/fpu/crt0.o
 .bss           0x00000000        0x0 c:/ac6/systemworkbench/plugins/fr.ac6.mcu.externaltools.arm-none.win32_1.3.0.201507241045/tools/compiler/bin/../lib/gcc/arm-none-eabi/4.9.3/../../../../arm-none-eabi/lib/armv7e-m/fpu/crt0.o
 .ARM.extab     0x00000000        0x0 c:/ac6/systemworkbench/plugins/fr.ac6.mcu.externaltools.arm-none.win32_1.3.0.201507241045/tools/compiler/bin/../lib/gcc/arm-none-eabi/4.9.3/../../../../arm-none-eabi/lib/armv7e-m/fpu/crt0.o
 .ARM.exidx     0x00000000        0x8 c:/ac6/systemworkbench/plugins/fr.ac6.mcu.externaltools.arm-none.win32_1.3.0.201507241045/tools/compiler/bin/../lib/gcc/arm-none-eabi/4.9.3/../../../../arm-none-eabi/lib/armv7e-m/fpu/crt0.o
 .ARM.attributes
                0x00000000       0x20 c:/ac6/systemworkbench/plugins/fr.ac6.mcu.externaltools.arm-none.win32_1.3.0.201507241045/tools/compiler/bin/../lib/gcc/arm-none-eabi/4.9.3/../../../../arm-none-eabi/lib/armv7e-m/fpu/crt0.o
 .group         0x00000000        0x8 Drivers/STM32F4xx_HAL_Driver/stm32f4xx_hal.o
 .group         0x00000000        0x8 Drivers/STM32F4xx_HAL_Driver/stm32f4xx_hal.o
[...]
Memory Configuration

Name             Origin             Length             Attributes
FLASH            0x08000000         0x00100000         xr
RAM              0x20000000         0x00020000         xrw
CCMRAM           0x10000000         0x00010000         rw
*default*        0x00000000         0xffffffff

Linker script and memory map

LOAD c:/ac6/systemworkbench/plugins/fr.ac6.mcu.externaltools.arm-none.win32_1.3.0.201507241045/tools/compiler/bin/../lib/gcc/arm-none-eabi/4.9.3/armv7e-m/fpu/crti.o
LOAD c:/ac6/systemworkbench/plugins/fr.ac6.mcu.externaltools.arm-none.win32_1.3.0.201507241045/tools/compiler/bin/../lib/gcc/arm-none-eabi/4.9.3/armv7e-m/fpu/crtbegin.o
LOAD c:/ac6/systemworkbench/plugins/fr.ac6.mcu.externaltools.arm-none.win32_1.3.0.201507241045/tools/compiler/bin/../lib/gcc/arm-none-eabi/4.9.3/../../../../arm-none-eabi/lib/armv7e-m/fpu/crt0.o
LOAD c:/ac6/systemworkbench/plugins/fr.ac6.mcu.externaltools.arm-none.win32_1.3.0.201507241045/tools/compiler/bin/../lib/gcc/arm-none-eabi/4.9.3/../../../../arm-none-eabi/lib/armv7e-m/fpu\libm.a
LOAD Drivers/STM32F4xx_HAL_Driver/stm32f4xx_hal.o
LOAD Drivers/STM32F4xx_HAL_Driver/stm32f4xx_hal_cortex.o
LOAD Drivers/STM32F4xx_HAL_Driver/stm32f4xx_hal_dma.o
LOAD Drivers/STM32F4xx_HAL_Driver/stm32f4xx_hal_dma_ex.o
LOAD Drivers/STM32F4xx_HAL_Driver/stm32f4xx_hal_flash.o
LOAD Drivers/STM32F4xx_HAL_Driver/stm32f4xx_hal_flash_ex.o
LOAD Drivers/STM32F4xx_HAL_Driver/stm32f4xx_hal_flash_ramfunc.o
LOAD Drivers/STM32F4xx_HAL_Driver/stm32f4xx_hal_gpio.o
LOAD Drivers/STM32F4xx_HAL_Driver/stm32f4xx_hal_pwr.o
LOAD Drivers/STM32F4xx_HAL_Driver/stm32f4xx_hal_pwr_ex.o
LOAD Drivers/STM32F4xx_HAL_Driver/stm32f4xx_hal_rcc.o
LOAD Drivers/STM32F4xx_HAL_Driver/stm32f4xx_hal_rcc_ex.o
LOAD Drivers/STM32F4xx_HAL_Driver/stm32f4xx_hal_tim.o
LOAD Drivers/STM32F4xx_HAL_Driver/stm32f4xx_hal_tim_ex.o
LOAD Drivers/STM32F4xx_HAL_Driver/stm32f4xx_hal_uart.o
LOAD Drivers/CMSIS/system_stm32f4xx.o
LOAD Application/User/gpio.o
LOAD Application/User/main.o
LOAD Application/User/stm32f4xx_hal_msp.o
LOAD Application/User/stm32f4xx_it.o
LOAD Application/User/usart.o
LOAD Application/SW4STM32/startup_stm32f407xx.o
START GROUP
LOAD c:/ac6/systemworkbench/plugins/fr.ac6.mcu.externaltools.arm-none.win32_1.3.0.201507241045/tools/compiler/bin/../lib/gcc/arm-none-eabi/4.9.3/armv7e-m/fpu\libgcc.a
LOAD c:/ac6/systemworkbench/plugins/fr.ac6.mcu.externaltools.arm-none.win32_1.3.0.201507241045/tools/compiler/bin/../lib/gcc/arm-none-eabi/4.9.3/../../../../arm-none-eabi/lib/armv7e-m/fpu\libc_nano.a
END GROUP
START GROUP
LOAD c:/ac6/systemworkbench/plugins/fr.ac6.mcu.externaltools.arm-none.win32_1.3.0.201507241045/tools/compiler/bin/../lib/gcc/arm-none-eabi/4.9.3/armv7e-m/fpu\libgcc.a
LOAD c:/ac6/systemworkbench/plugins/fr.ac6.mcu.externaltools.arm-none.win32_1.3.0.201507241045/tools/compiler/bin/../lib/gcc/arm-none-eabi/4.9.3/../../../../arm-none-eabi/lib/armv7e-m/fpu\libc_nano.a
LOAD c:/ac6/systemworkbench/plugins/fr.ac6.mcu.externaltools.arm-none.win32_1.3.0.201507241045/tools/compiler/bin/../lib/gcc/arm-none-eabi/4.9.3/../../../../arm-none-eabi/lib/armv7e-m/fpu\libnosys.a
END GROUP
START GROUP
LOAD c:/ac6/systemworkbench/plugins/fr.ac6.mcu.externaltools.arm-none.win32_1.3.0.201507241045/tools/compiler/bin/../lib/gcc/arm-none-eabi/4.9.3/armv7e-m/fpu\libgcc.a
LOAD c:/ac6/systemworkbench/plugins/fr.ac6.mcu.externaltools.arm-none.win32_1.3.0.201507241045/tools/compiler/bin/../lib/gcc/arm-none-eabi/4.9.3/../../../../arm-none-eabi/lib/armv7e-m/fpu\libc_nano.a
LOAD c:/ac6/systemworkbench/plugins/fr.ac6.mcu.externaltools.arm-none.win32_1.3.0.201507241045/tools/compiler/bin/../lib/gcc/arm-none-eabi/4.9.3/../../../../arm-none-eabi/lib/armv7e-m/fpu\libnosys.a
END GROUP
LOAD c:/ac6/systemworkbench/plugins/fr.ac6.mcu.externaltools.arm-none.win32_1.3.0.201507241045/tools/compiler/bin/../lib/gcc/arm-none-eabi/4.9.3/armv7e-m/fpu/crtend.o
LOAD c:/ac6/systemworkbench/plugins/fr.ac6.mcu.externaltools.arm-none.win32_1.3.0.201507241045/tools/compiler/bin/../lib/gcc/arm-none-eabi/4.9.3/armv7e-m/fpu/crtn.o
                0x20020000                _estack = 0x20020000
                0x00000200                _Min_Heap_Size = 0x200
                0x00000400                _Min_Stack_Size = 0x400

.isr_vector     0x08000000      0x188
                0x08000000                . = ALIGN (0x4)
 *(.isr_vector)
 .isr_vector    0x08000000      0x188 Application/SW4STM32/startup_stm32f407xx.o
                0x08000000                g_pfnVectors
                0x08000188                . = ALIGN (0x4)

.text           0x08000188     0x1378
                0x08000188                . = ALIGN (0x4)
 *(.text)
 .text          0x08000188       0x5c c:/ac6/systemworkbench/plugins/fr.ac6.mcu.externaltools.arm-none.win32_1.3.0.201507241045/tools/compiler/bin/../lib/gcc/arm-none-eabi/4.9.3/armv7e-m/fpu/crtbegin.o
 *(.text*)
 .text.HAL_InitTick
                0x080001e4       0x24 Drivers/STM32F4xx_HAL_Driver/stm32f4xx_hal.o
                0x080001e4                HAL_InitTick
 .text.HAL_Init
                0x08000208       0x34 Drivers/STM32F4xx_HAL_Driver/stm32f4xx_hal.o
                0x08000208                HAL_Init
 .text.HAL_IncTick
                0x0800023c       0x10 Drivers/STM32F4xx_HAL_Driver/stm32f4xx_hal.o
                0x0800023c                HAL_IncTick
 .text.HAL_GetTick
                0x0800024c        0xc Drivers/STM32F4xx_HAL_Driver/stm32f4xx_hal.o
                0x0800024c                HAL_GetTick
 .text.HAL_Delay
                0x08000258       0x1a Drivers/STM32F4xx_HAL_Driver/stm32f4xx_hal.o
                0x08000258                HAL_Delay
 *fill*         0x08000272        0x2 
 .text.HAL_NVIC_SetPriorityGrouping
                0x08000274       0x38 Drivers/STM32F4xx_HAL_Driver/stm32f4xx_hal_cortex.o
                0x08000274                HAL_NVIC_SetPriorityGrouping
 .text.HAL_NVIC_SetPriority
                0x080002ac       0x84 Drivers/STM32F4xx_HAL_Driver/stm32f4xx_hal_cortex.o
                0x080002ac                HAL_NVIC_SetPriority
 .text.HAL_SYSTICK_Config
                0x08000330       0x2c Drivers/STM32F4xx_HAL_Driver/stm32f4xx_hal_cortex.o
                0x08000330                HAL_SYSTICK_Config
 .text.HAL_SYSTICK_CLKSourceConfig
                0x0800035c       0x30 Drivers/STM32F4xx_HAL_Driver/stm32f4xx_hal_cortex.o
                0x0800035c                HAL_SYSTICK_CLKSourceConfig
 .text.HAL_SYSTICK_Callback
                0x0800038c        0x2 Drivers/STM32F4xx_HAL_Driver/stm32f4xx_hal_cortex.o
                0x0800038c                HAL_SYSTICK_Callback
 .text.HAL_SYSTICK_IRQHandler
                0x0800038e        0x8 Drivers/STM32F4xx_HAL_Driver/stm32f4xx_hal_cortex.o
                0x0800038e                HAL_SYSTICK_IRQHandler
 *fill*         0x08000396        0x2 
 .text.HAL_GPIO_Init
                0x08000398      0x278 Drivers/STM32F4xx_HAL_Driver/stm32f4xx_hal_gpio.o
                0x08000398                HAL_GPIO_Init
 .text.HAL_RCC_OscConfig
                0x08000610      0x3b0 Drivers/STM32F4xx_HAL_Driver/stm32f4xx_hal_rcc.o
                0x08000610                HAL_RCC_OscConfig
 .text.HAL_RCC_ClockConfig
                0x080009c0      0x1ec Drivers/STM32F4xx_HAL_Driver/stm32f4xx_hal_rcc.o
                0x080009c0                HAL_RCC_ClockConfig
 .text.HAL_RCC_GetSysClockFreq
                0x08000bac       0x80 Drivers/STM32F4xx_HAL_Driver/stm32f4xx_hal_rcc.o
                0x08000bac                HAL_RCC_GetSysClockFreq
 .text.HAL_RCC_GetHCLKFreq
                0x08000c2c       0x34 Drivers/STM32F4xx_HAL_Driver/stm32f4xx_hal_rcc.o
                0x08000c2c                HAL_RCC_GetHCLKFreq
 .text.HAL_RCC_GetPCLK1Freq
                0x08000c60       0x2c Drivers/STM32F4xx_HAL_Driver/stm32f4xx_hal_rcc.o
                0x08000c60                HAL_RCC_GetPCLK1Freq
 .text.HAL_RCC_GetPCLK2Freq
                0x08000c8c       0x2c Drivers/STM32F4xx_HAL_Driver/stm32f4xx_hal_rcc.o
                0x08000c8c                HAL_RCC_GetPCLK2Freq
 .text.UART_SetConfig
                0x08000cb8      0x290 Drivers/STM32F4xx_HAL_Driver/stm32f4xx_hal_uart.o
 .text.UART_WaitOnFlagUntilTimeout.constprop.0
                0x08000f48       0x64 Drivers/STM32F4xx_HAL_Driver/stm32f4xx_hal_uart.o
 .text.HAL_UART_Init
                0x08000fac      0x100 Drivers/STM32F4xx_HAL_Driver/stm32f4xx_hal_uart.o
                0x08000fac                HAL_UART_Init
 .text.HAL_UART_Transmit
                0x080010ac       0x9c Drivers/STM32F4xx_HAL_Driver/stm32f4xx_hal_uart.o
                0x080010ac                HAL_UART_Transmit
 .text.SystemInit
                0x08001148       0x4c Drivers/CMSIS/system_stm32f4xx.o
                0x08001148                SystemInit
 .text.MX_GPIO_Init
                0x08001194      0x100 Application/User/gpio.o
                0x08001194                MX_GPIO_Init
 .text.SystemClock_Config
                0x08001294       0x88 Application/User/main.o
                0x08001294                SystemClock_Config
 .text.startup.main
                0x0800131c       0x50 Application/User/main.o
                0x0800131c                main
 .text.assert_failed
                0x0800136c        0x2 Application/User/main.o
                0x0800136c                assert_failed
 .text.HAL_MspInit
                0x0800136e       0x48 Application/User/stm32f4xx_hal_msp.o
                0x0800136e                HAL_MspInit
 .text.NMI_Handler
                0x080013b6        0x2 Application/User/stm32f4xx_it.o
                0x080013b6                NMI_Handler
 .text.HardFault_Handler
                0x080013b8        0x2 Application/User/stm32f4xx_it.o
                0x080013b8                HardFault_Handler
 .text.MemManage_Handler
                0x080013ba        0x2 Application/User/stm32f4xx_it.o
                0x080013ba                MemManage_Handler
 .text.BusFault_Handler
                0x080013bc        0x2 Application/User/stm32f4xx_it.o
                0x080013bc                BusFault_Handler
 .text.UsageFault_Handler
                0x080013be        0x2 Application/User/stm32f4xx_it.o
                0x080013be                UsageFault_Handler
 .text.DebugMon_Handler
                0x080013c0        0x2 Application/User/stm32f4xx_it.o
                0x080013c0                DebugMon_Handler
 .text.SysTick_Handler
                0x080013c2        0xe Application/User/stm32f4xx_it.o
                0x080013c2                SysTick_Handler
 .text.MX_USART2_UART_Init
                0x080013d0       0x28 Application/User/usart.o
                0x080013d0                MX_USART2_UART_Init
 .text.HAL_UART_MspInit
                0x080013f8       0x50 Application/User/usart.o
                0x080013f8                HAL_UART_MspInit
 .text.Reset_Handler
                0x08001448       0x50 Application/SW4STM32/startup_stm32f407xx.o
                0x08001448                Reset_Handler
 .text.Default_Handler
                0x08001498        0x2 Application/SW4STM32/startup_stm32f407xx.o
                0x08001498                RTC_Alarm_IRQHandler
                0x08001498                HASH_RNG_IRQHandler
                0x08001498                EXTI2_IRQHandler
                0x08001498                TIM8_CC_IRQHandler
                0x08001498                TIM1_CC_IRQHandler
                0x08001498                DMA2_Stream5_IRQHandler
                0x08001498                DMA1_Stream5_IRQHandler
                0x08001498                PVD_IRQHandler
                0x08001498                SDIO_IRQHandler
                0x08001498                TAMP_STAMP_IRQHandler
                0x08001498                PendSV_Handler
                0x08001498                CAN2_RX1_IRQHandler
                0x08001498                EXTI3_IRQHandler
                0x08001498                TIM8_TRG_COM_TIM14_IRQHandler
                0x08001498                TIM1_UP_TIM10_IRQHandler
                0x08001498                TIM8_UP_TIM13_IRQHandler
                0x08001498                I2C3_ER_IRQHandler
                0x08001498                EXTI0_IRQHandler
                0x08001498                I2C2_EV_IRQHandler
                0x08001498                DMA1_Stream2_IRQHandler
                0x08001498                CAN1_RX0_IRQHandler
                0x08001498                FPU_IRQHandler
                0x08001498                OTG_HS_WKUP_IRQHandler
                0x08001498                CAN2_SCE_IRQHandler
                0x08001498                DMA2_Stream2_IRQHandler
                0x08001498                SPI1_IRQHandler
                0x08001498                TIM6_DAC_IRQHandler
                0x08001498                TIM1_BRK_TIM9_IRQHandler
                0x08001498                DCMI_IRQHandler
                0x08001498                CAN2_RX0_IRQHandler
                0x08001498                DMA2_Stream3_IRQHandler
                0x08001498                USART6_IRQHandler
                0x08001498                USART3_IRQHandler
                0x08001498                CAN1_RX1_IRQHandler
                0x08001498                UART5_IRQHandler
                0x08001498                DMA2_Stream0_IRQHandler
                0x08001498                TIM4_IRQHandler
                0x08001498                I2C1_EV_IRQHandler
                0x08001498                DMA1_Stream6_IRQHandler
                0x08001498                DMA1_Stream1_IRQHandler
                0x08001498                UART4_IRQHandler
                0x08001498                TIM3_IRQHandler
                0x08001498                RCC_IRQHandler
                0x08001498                TIM8_BRK_TIM12_IRQHandler
                0x08001498                Default_Handler
                0x08001498                EXTI15_10_IRQHandler
                0x08001498                ADC_IRQHandler
                0x08001498                DMA1_Stream7_IRQHandler
                0x08001498                TIM7_IRQHandler
                0x08001498                CAN2_TX_IRQHandler
                0x08001498                TIM5_IRQHandler
                0x08001498                DMA2_Stream7_IRQHandler
                0x08001498                I2C3_EV_IRQHandler
                0x08001498                EXTI9_5_IRQHandler
                0x08001498                RTC_WKUP_IRQHandler
                0x08001498                ETH_WKUP_IRQHandler
                0x08001498                SPI2_IRQHandler
                0x08001498                OTG_HS_EP1_IN_IRQHandler
                0x08001498                DMA1_Stream0_IRQHandler
                0x08001498                CAN1_TX_IRQHandler
                0x08001498                SVC_Handler
                0x08001498                EXTI4_IRQHandler
                0x08001498                FSMC_IRQHandler
                0x08001498                ETH_IRQHandler
                0x08001498                OTG_HS_EP1_OUT_IRQHandler
                0x08001498                WWDG_IRQHandler
                0x08001498                TIM2_IRQHandler
                0x08001498                OTG_FS_WKUP_IRQHandler
                0x08001498                TIM1_TRG_COM_TIM11_IRQHandler
                0x08001498                OTG_HS_IRQHandler
                0x08001498                EXTI1_IRQHandler
                0x08001498                USART2_IRQHandler
                0x08001498                I2C2_ER_IRQHandler
                0x08001498                DMA2_Stream1_IRQHandler
                0x08001498                CAN1_SCE_IRQHandler
                0x08001498                FLASH_IRQHandler
                0x08001498                DMA2_Stream4_IRQHandler
                0x08001498                USART1_IRQHandler
                0x08001498                OTG_FS_IRQHandler
                0x08001498                SPI3_IRQHandler
                0x08001498                DMA1_Stream4_IRQHandler
                0x08001498                I2C1_ER_IRQHandler
                0x08001498                DMA2_Stream6_IRQHandler
                0x08001498                DMA1_Stream3_IRQHandler
 *fill*         0x0800149a        0x2 
 .text.__libc_init_array
                0x0800149c       0x4c c:/ac6/systemworkbench/plugins/fr.ac6.mcu.externaltools.arm-none.win32_1.3.0.201507241045/tools/compiler/bin/../lib/gcc/arm-none-eabi/4.9.3/../../../../arm-none-eabi/lib/armv7e-m/fpu\libc_nano.a(lib_a-init.o)
                0x0800149c                __libc_init_array
 *(.glue_7)
 .glue_7        0x00000000        0x0 linker stubs
 *(.glue_7t)
 .glue_7t       0x00000000        0x0 linker stubs
 *(.eh_frame)
 .eh_frame      0x080014e8        0x0 c:/ac6/systemworkbench/plugins/fr.ac6.mcu.externaltools.arm-none.win32_1.3.0.201507241045/tools/compiler/bin/../lib/gcc/arm-none-eabi/4.9.3/armv7e-m/fpu/crtbegin.o
 *(.init)
 .init          0x080014e8        0x4 c:/ac6/systemworkbench/plugins/fr.ac6.mcu.externaltools.arm-none.win32_1.3.0.201507241045/tools/compiler/bin/../lib/gcc/arm-none-eabi/4.9.3/armv7e-m/fpu/crti.o
                0x080014e8                _init
 .init          0x080014ec        0x8 c:/ac6/systemworkbench/plugins/fr.ac6.mcu.externaltools.arm-none.win32_1.3.0.201507241045/tools/compiler/bin/../lib/gcc/arm-none-eabi/4.9.3/armv7e-m/fpu/crtn.o
 *(.fini)
 .fini          0x080014f4        0x4 c:/ac6/systemworkbench/plugins/fr.ac6.mcu.externaltools.arm-none.win32_1.3.0.201507241045/tools/compiler/bin/../lib/gcc/arm-none-eabi/4.9.3/armv7e-m/fpu/crti.o
                0x080014f4                _fini
 .fini          0x080014f8        0x8 c:/ac6/systemworkbench/plugins/fr.ac6.mcu.externaltools.arm-none.win32_1.3.0.201507241045/tools/compiler/bin/../lib/gcc/arm-none-eabi/4.9.3/armv7e-m/fpu/crtn.o
                0x08001500                . = ALIGN (0x4)
                0x08001500                _etext = .

.vfp11_veneer   0x08001500        0x0
 .vfp11_veneer  0x00000000        0x0 linker stubs

.v4_bx          0x08001500        0x0
 .v4_bx         0x00000000        0x0 linker stubs

.iplt           0x08001500        0x0
 .iplt          0x00000000        0x0 c:/ac6/systemworkbench/plugins/fr.ac6.mcu.externaltools.arm-none.win32_1.3.0.201507241045/tools/compiler/bin/../lib/gcc/arm-none-eabi/4.9.3/armv7e-m/fpu/crtbegin.o

.rodata         0x08001500      0x1b0
                0x08001500                . = ALIGN (0x4)
 *(.rodata)
 .rodata        0x08001500       0x10 Drivers/STM32F4xx_HAL_Driver/stm32f4xx_hal_rcc.o
                0x08001500                APBAHBPrescTable
 *(.rodata*)
 .rodata.str1.1
                0x08001510       0x65 Drivers/STM32F4xx_HAL_Driver/stm32f4xx_hal_cortex.o
 .rodata.str1.1
                0x08001575       0x63 Drivers/STM32F4xx_HAL_Driver/stm32f4xx_hal_gpio.o
 .rodata.str1.1
                0x080015d8       0x62 Drivers/STM32F4xx_HAL_Driver/stm32f4xx_hal_rcc.o
 .rodata.str1.1
                0x0800163a       0x63 Drivers/STM32F4xx_HAL_Driver/stm32f4xx_hal_uart.o
 .rodata.str1.1
                0x0800169d       0x12 Application/User/main.o
                0x080016b0                . = ALIGN (0x4)
 *fill*         0x080016af        0x1 

.rel.dyn        0x080016b0        0x0
 .rel.iplt      0x00000000        0x0 c:/ac6/systemworkbench/plugins/fr.ac6.mcu.externaltools.arm-none.win32_1.3.0.201507241045/tools/compiler/bin/../lib/gcc/arm-none-eabi/4.9.3/armv7e-m/fpu/crtbegin.o

.ARM.extab
 *(.ARM.extab* .gnu.linkonce.armextab.*)

.ARM            0x080016b0        0x0
                0x080016b0                __exidx_start = .
 *(.ARM.exidx*)
                0x080016b0                __exidx_end = .

.preinit_array  0x080016b0        0x0
                0x080016b0                PROVIDE (__preinit_array_start, .)
 *(.preinit_array*)
                0x080016b0                PROVIDE (__preinit_array_end, .)

.init_array     0x080016b0        0x4
                0x080016b0                PROVIDE (__init_array_start, .)
 *(SORT(.init_array.*))
 *(.init_array*)
 .init_array    0x080016b0        0x4 c:/ac6/systemworkbench/plugins/fr.ac6.mcu.externaltools.arm-none.win32_1.3.0.201507241045/tools/compiler/bin/../lib/gcc/arm-none-eabi/4.9.3/armv7e-m/fpu/crtbegin.o
                0x080016b4                PROVIDE (__init_array_end, .)

.fini_array     0x080016b4        0x4
                0x080016b4                PROVIDE (__fini_array_start, .)
 *(SORT(.fini_array.*))
 *(.fini_array*)
 .fini_array    0x080016b4        0x4 c:/ac6/systemworkbench/plugins/fr.ac6.mcu.externaltools.arm-none.win32_1.3.0.201507241045/tools/compiler/bin/../lib/gcc/arm-none-eabi/4.9.3/armv7e-m/fpu/crtbegin.o
                0x080016b8                PROVIDE (__fini_array_end, .)
                0x080016b8                _sidata = LOADADDR (.data)

.data           0x20000000        0x4 load address 0x080016b8
                0x20000000                . = ALIGN (0x4)
                0x20000000                _sdata = .
 *(.data)
 .data          0x20000000        0x4 Drivers/CMSIS/system_stm32f4xx.o
                0x20000000                SystemCoreClock
 *(.data*)
                0x20000004                . = ALIGN (0x4)
                0x20000004                _edata = .
                0x080016bc                _siccmram = LOADADDR (.ccmram)

.jcr            0x20000004        0x0 load address 0x080016bc
 .jcr           0x20000004        0x0 c:/ac6/systemworkbench/plugins/fr.ac6.mcu.externaltools.arm-none.win32_1.3.0.201507241045/tools/compiler/bin/../lib/gcc/arm-none-eabi/4.9.3/armv7e-m/fpu/crtbegin.o

.igot.plt       0x20000004        0x0 load address 0x080016bc
 .igot.plt      0x00000000        0x0 c:/ac6/systemworkbench/plugins/fr.ac6.mcu.externaltools.arm-none.win32_1.3.0.201507241045/tools/compiler/bin/../lib/gcc/arm-none-eabi/4.9.3/armv7e-m/fpu/crtbegin.o

.ccmram         0x10000000        0x0 load address 0x080016bc
                0x10000000                . = ALIGN (0x4)
                0x10000000                _sccmram = .
 *(.ccmram)
 *(.ccmram*)
                0x10000000                . = ALIGN (0x4)
                0x10000000                _eccmram = .
                0x10000000                . = ALIGN (0x4)

.bss            0x20000004       0x60
                0x20000004                _sbss = .
                0x20000004                __bss_start__ = _sbss
 *(.bss)
 .bss           0x20000004       0x1c c:/ac6/systemworkbench/plugins/fr.ac6.mcu.externaltools.arm-none.win32_1.3.0.201507241045/tools/compiler/bin/../lib/gcc/arm-none-eabi/4.9.3/armv7e-m/fpu/crtbegin.o
 *(.bss*)
 *(COMMON)
 COMMON         0x20000020        0x4 Drivers/STM32F4xx_HAL_Driver/stm32f4xx_hal.o
                0x20000020                uwTick
 COMMON         0x20000024       0x40 Application/User/usart.o
                0x20000024                huart2
                0x20000064                . = ALIGN (0x4)
                0x20000064                _ebss = .
                0x20000064                __bss_end__ = _ebss

._user_heap_stack
                0x20000064      0x604
                0x20000068                . = ALIGN (0x8)
 *fill*         0x20000064        0x4 
                0x20000068                PROVIDE (end, .)
                0x20000068                PROVIDE (_end, .)
                0x20000268                . = (. + _Min_Heap_Size)
 *fill*         0x20000068      0x200 
                0x20000668                . = (. + _Min_Stack_Size)
 *fill*         0x20000268      0x400 
                0x20000668                . = ALIGN (0x8)

/DISCARD/
 libc.a(*)
 libm.a(*)
 libgcc.a(*)

.ARM.attributes
                0x00000000       0x30
 *(.ARM.attributes)
 .ARM.attributes
                0x00000000       0x22 c:/ac6/systemworkbench/plugins/fr.ac6.mcu.externaltools.arm-none.win32_1.3.0.201507241045/tools/compiler/bin/../lib/gcc/arm-none-eabi/4.9.3/armv7e-m/fpu/crti.o
 .ARM.attributes
                0x00000022       0x34 c:/ac6/systemworkbench/plugins/fr.ac6.mcu.externaltools.arm-none.win32_1.3.0.201507241045/tools/compiler/bin/../lib/gcc/arm-none-eabi/4.9.3/armv7e-m/fpu/crtbegin.o
 .ARM.attributes
                0x00000056       0x39 Drivers/STM32F4xx_HAL_Driver/stm32f4xx_hal.o
 .ARM.attributes
                0x0000008f       0x39 Drivers/STM32F4xx_HAL_Driver/stm32f4xx_hal_cortex.o
 .ARM.attributes
                0x000000c8       0x39 Drivers/STM32F4xx_HAL_Driver/stm32f4xx_hal_gpio.o
 .ARM.attributes
                0x00000101       0x39 Drivers/STM32F4xx_HAL_Driver/stm32f4xx_hal_rcc.o
 .ARM.attributes
                0x0000013a       0x39 Drivers/STM32F4xx_HAL_Driver/stm32f4xx_hal_uart.o
 .ARM.attributes
                0x00000173       0x39 Drivers/CMSIS/system_stm32f4xx.o
 .ARM.attributes
                0x000001ac       0x39 Application/User/gpio.o
 .ARM.attributes
                0x000001e5       0x39 Application/User/main.o
 .ARM.attributes
                0x0000021e       0x39 Application/User/stm32f4xx_hal_msp.o
 .ARM.attributes
                0x00000257       0x39 Application/User/stm32f4xx_it.o
 .ARM.attributes
                0x00000290       0x39 Application/User/usart.o
 .ARM.attributes
                0x000002c9       0x21 Application/SW4STM32/startup_stm32f407xx.o
 .ARM.attributes
                0x000002ea       0x34 c:/ac6/systemworkbench/plugins/fr.ac6.mcu.externaltools.arm-none.win32_1.3.0.201507241045/tools/compiler/bin/../lib/gcc/arm-none-eabi/4.9.3/../../../../arm-none-eabi/lib/armv7e-m/fpu\libc_nano.a(lib_a-init.o)
 .ARM.attributes
                0x0000031e       0x22 c:/ac6/systemworkbench/plugins/fr.ac6.mcu.externaltools.arm-none.win32_1.3.0.201507241045/tools/compiler/bin/../lib/gcc/arm-none-eabi/4.9.3/armv7e-m/fpu/crtn.o
OUTPUT(USART_stm32.elf elf32-littlearm)

.debug_info     0x00000000     0x6c98
 .debug_info    0x00000000      0x920 Drivers/STM32F4xx_HAL_Driver/stm32f4xx_hal.o
 .debug_info    0x00000920     0x110a Drivers/STM32F4xx_HAL_Driver/stm32f4xx_hal_cortex.o
 .debug_info    0x00001a2a      0x882 Drivers/STM32F4xx_HAL_Driver/stm32f4xx_hal_gpio.o
 .debug_info    0x000022ac      0xf93 Drivers/STM32F4xx_HAL_Driver/stm32f4xx_hal_rcc.o
 .debug_info    0x0000323f     0x14bb Drivers/STM32F4xx_HAL_Driver/stm32f4xx_hal_uart.o
 .debug_info    0x000046fa      0x4a9 Drivers/CMSIS/system_stm32f4xx.o
 .debug_info    0x00004ba3      0x4f1 Application/User/gpio.o
 .debug_info    0x00005094      0xcf9 Application/User/main.o
 .debug_info    0x00005d8d      0x3db Application/User/stm32f4xx_hal_msp.o
 .debug_info    0x00006168      0x142 Application/User/stm32f4xx_it.o
 .debug_info    0x000062aa      0x908 Application/User/usart.o
 .debug_info    0x00006bb2       0xe6 Application/SW4STM32/startup_stm32f407xx.o

.debug_abbrev   0x00000000     0x15ae
 .debug_abbrev  0x00000000      0x25d Drivers/STM32F4xx_HAL_Driver/stm32f4xx_hal.o
 .debug_abbrev  0x0000025d      0x33e Drivers/STM32F4xx_HAL_Driver/stm32f4xx_hal_cortex.o
 .debug_abbrev  0x0000059b      0x209 Drivers/STM32F4xx_HAL_Driver/stm32f4xx_hal_gpio.o
 .debug_abbrev  0x000007a4      0x353 Drivers/STM32F4xx_HAL_Driver/stm32f4xx_hal_rcc.o
 .debug_abbrev  0x00000af7      0x2d4 Drivers/STM32F4xx_HAL_Driver/stm32f4xx_hal_uart.o
 .debug_abbrev  0x00000dcb      0x104 Drivers/CMSIS/system_stm32f4xx.o
 .debug_abbrev  0x00000ecf      0x14b Application/User/gpio.o
 .debug_abbrev  0x0000101a      0x233 Application/User/main.o
 .debug_abbrev  0x0000124d       0xd4 Application/User/stm32f4xx_hal_msp.o
 .debug_abbrev  0x00001321       0xbf Application/User/stm32f4xx_it.o
 .debug_abbrev  0x000013e0      0x1bc Application/User/usart.o
 .debug_abbrev  0x0000159c       0x12 Application/SW4STM32/startup_stm32f407xx.o

.debug_loc      0x00000000     0x1e8d
 .debug_loc     0x00000000       0x82 Drivers/STM32F4xx_HAL_Driver/stm32f4xx_hal.o
 .debug_loc     0x00000082      0x4c4 Drivers/STM32F4xx_HAL_Driver/stm32f4xx_hal_cortex.o
 .debug_loc     0x00000546      0x564 Drivers/STM32F4xx_HAL_Driver/stm32f4xx_hal_gpio.o
 .debug_loc     0x00000aaa      0x46c Drivers/STM32F4xx_HAL_Driver/stm32f4xx_hal_rcc.o
 .debug_loc     0x00000f16      0xe50 Drivers/STM32F4xx_HAL_Driver/stm32f4xx_hal_uart.o
 .debug_loc     0x00001d66       0xda Drivers/CMSIS/system_stm32f4xx.o
 .debug_loc     0x00001e40       0x4d Application/User/usart.o

.debug_aranges  0x00000000      0x4b0
 .debug_aranges
                0x00000000       0xc0 Drivers/STM32F4xx_HAL_Driver/stm32f4xx_hal.o
 .debug_aranges
                0x000000c0       0x98 Drivers/STM32F4xx_HAL_Driver/stm32f4xx_hal_cortex.o
 .debug_aranges
                0x00000158       0x58 Drivers/STM32F4xx_HAL_Driver/stm32f4xx_hal_gpio.o
 .debug_aranges
                0x000001b0       0x88 Drivers/STM32F4xx_HAL_Driver/stm32f4xx_hal_rcc.o
 .debug_aranges
                0x00000238      0x138 Drivers/STM32F4xx_HAL_Driver/stm32f4xx_hal_uart.o
 .debug_aranges
                0x00000370       0x28 Drivers/CMSIS/system_stm32f4xx.o
 .debug_aranges
                0x00000398       0x20 Application/User/gpio.o
 .debug_aranges
                0x000003b8       0x30 Application/User/main.o
 .debug_aranges
                0x000003e8       0x20 Application/User/stm32f4xx_hal_msp.o
 .debug_aranges
                0x00000408       0x50 Application/User/stm32f4xx_it.o
 .debug_aranges
                0x00000458       0x30 Application/User/usart.o
 .debug_aranges
                0x00000488       0x28 Application/SW4STM32/startup_stm32f407xx.o

.debug_ranges   0x00000000      0x5e8
 .debug_ranges  0x00000000       0xb0 Drivers/STM32F4xx_HAL_Driver/stm32f4xx_hal.o
 .debug_ranges  0x000000b0      0x120 Drivers/STM32F4xx_HAL_Driver/stm32f4xx_hal_cortex.o
 .debug_ranges  0x000001d0       0x48 Drivers/STM32F4xx_HAL_Driver/stm32f4xx_hal_gpio.o
 .debug_ranges  0x00000218      0x160 Drivers/STM32F4xx_HAL_Driver/stm32f4xx_hal_rcc.o
 .debug_ranges  0x00000378      0x128 Drivers/STM32F4xx_HAL_Driver/stm32f4xx_hal_uart.o
 .debug_ranges  0x000004a0       0x18 Drivers/CMSIS/system_stm32f4xx.o
 .debug_ranges  0x000004b8       0x50 Application/User/gpio.o
 .debug_ranges  0x00000508       0x38 Application/User/main.o
 .debug_ranges  0x00000540       0x10 Application/User/stm32f4xx_hal_msp.o
 .debug_ranges  0x00000550       0x40 Application/User/stm32f4xx_it.o
 .debug_ranges  0x00000590       0x38 Application/User/usart.o
 .debug_ranges  0x000005c8       0x20 Application/SW4STM32/startup_stm32f407xx.o

.debug_macro    0x00000000    0x12da1
 .debug_macro   0x00000000      0x2be Drivers/STM32F4xx_HAL_Driver/stm32f4xx_hal.o
 .debug_macro   0x000002be      0x886 Drivers/STM32F4xx_HAL_Driver/stm32f4xx_hal.o
 .debug_macro   0x00000b44      0x1b1 Drivers/STM32F4xx_HAL_Driver/stm32f4xx_hal.o
 .debug_macro   0x00000cf5       0x2e Drivers/STM32F4xx_HAL_Driver/stm32f4xx_hal.o
 .debug_macro   0x00000d23       0x28 Drivers/STM32F4xx_HAL_Driver/stm32f4xx_hal.o
 .debug_macro   0x00000d4b       0x22 Drivers/STM32F4xx_HAL_Driver/stm32f4xx_hal.o
 .debug_macro   0x00000d6d       0x44 Drivers/STM32F4xx_HAL_Driver/stm32f4xx_hal.o
 .debug_macro   0x00000db1       0x1c Drivers/STM32F4xx_HAL_Driver/stm32f4xx_hal.o
 .debug_macro   0x00000dcd      0x1f7 Drivers/STM32F4xx_HAL_Driver/stm32f4xx_hal.o
 .debug_macro   0x00000fc4       0x35 Drivers/STM32F4xx_HAL_Driver/stm32f4xx_hal.o
 .debug_macro   0x00000ff9       0x50 Drivers/STM32F4xx_HAL_Driver/stm32f4xx_hal.o
 .debug_macro   0x00001049      0xe66 Drivers/STM32F4xx_HAL_Driver/stm32f4xx_hal.o
 .debug_macro   0x00001eaf     0x9358 Drivers/STM32F4xx_HAL_Driver/stm32f4xx_hal.o
 .debug_macro   0x0000b207       0x43 Drivers/STM32F4xx_HAL_Driver/stm32f4xx_hal.o
 .debug_macro   0x0000b24a     0x33a6 Drivers/STM32F4xx_HAL_Driver/stm32f4xx_hal.o
 .debug_macro   0x0000e5f0       0x58 Drivers/STM32F4xx_HAL_Driver/stm32f4xx_hal.o
 .debug_macro   0x0000e648       0x35 Drivers/STM32F4xx_HAL_Driver/stm32f4xx_hal.o
 .debug_macro   0x0000e67d       0x9c Drivers/STM32F4xx_HAL_Driver/stm32f4xx_hal.o
 .debug_macro   0x0000e719       0x16 Drivers/STM32F4xx_HAL_Driver/stm32f4xx_hal.o
 .debug_macro   0x0000e72f       0x97 Drivers/STM32F4xx_HAL_Driver/stm32f4xx_hal.o
 .debug_macro   0x0000e7c6      0x29d Drivers/STM32F4xx_HAL_Driver/stm32f4xx_hal.o
 .debug_macro   0x0000ea63       0xef Drivers/STM32F4xx_HAL_Driver/stm32f4xx_hal.o
 .debug_macro   0x0000eb52       0x10 Drivers/STM32F4xx_HAL_Driver/stm32f4xx_hal.o
 .debug_macro   0x0000eb62       0x52 Drivers/STM32F4xx_HAL_Driver/stm32f4xx_hal.o
 .debug_macro   0x0000ebb4       0x16 Drivers/STM32F4xx_HAL_Driver/stm32f4xx_hal.o
 .debug_macro   0x0000ebca       0x43 Drivers/STM32F4xx_HAL_Driver/stm32f4xx_hal.o
 .debug_macro   0x0000ec0d      0x180 Drivers/STM32F4xx_HAL_Driver/stm32f4xx_hal.o
 .debug_macro   0x0000ed8d       0x10 Drivers/STM32F4xx_HAL_Driver/stm32f4xx_hal.o
 .debug_macro   0x0000ed9d       0x22 Drivers/STM32F4xx_HAL_Driver/stm32f4xx_hal.o
 .debug_macro   0x0000edbf       0xbd Drivers/STM32F4xx_HAL_Driver/stm32f4xx_hal.o
 .debug_macro   0x0000ee7c       0x16 Drivers/STM32F4xx_HAL_Driver/stm32f4xx_hal.o
 .debug_macro   0x0000ee92      0x196 Drivers/STM32F4xx_HAL_Driver/stm32f4xx_hal.o
 .debug_macro   0x0000f028       0x50 Drivers/STM32F4xx_HAL_Driver/stm32f4xx_hal.o
 .debug_macro   0x0000f078      0x964 Drivers/STM32F4xx_HAL_Driver/stm32f4xx_hal.o
 .debug_macro   0x0000f9dc      0x9da Drivers/STM32F4xx_HAL_Driver/stm32f4xx_hal.o
 .debug_macro   0x000103b6      0x11e Drivers/STM32F4xx_HAL_Driver/stm32f4xx_hal.o
 .debug_macro   0x000104d4      0x13e Drivers/STM32F4xx_HAL_Driver/stm32f4xx_hal.o
 .debug_macro   0x00010612       0x27 Drivers/STM32F4xx_HAL_Driver/stm32f4xx_hal.o
 .debug_macro   0x00010639      0x272 Drivers/STM32F4xx_HAL_Driver/stm32f4xx_hal.o
 .debug_macro   0x000108ab       0x5f Drivers/STM32F4xx_HAL_Driver/stm32f4xx_hal.o
 .debug_macro   0x0001090a      0x23a Drivers/STM32F4xx_HAL_Driver/stm32f4xx_hal.o
 .debug_macro   0x00010b44      0x13a Drivers/STM32F4xx_HAL_Driver/stm32f4xx_hal.o
 .debug_macro   0x00010c7e      0x21e Drivers/STM32F4xx_HAL_Driver/stm32f4xx_hal.o
 .debug_macro   0x00010e9c       0x2e Drivers/STM32F4xx_HAL_Driver/stm32f4xx_hal.o
 .debug_macro   0x00010eca      0x11e Drivers/STM32F4xx_HAL_Driver/stm32f4xx_hal.o
 .debug_macro   0x00010fe8       0x7f Drivers/STM32F4xx_HAL_Driver/stm32f4xx_hal.o
 .debug_macro   0x00011067       0x89 Drivers/STM32F4xx_HAL_Driver/stm32f4xx_hal.o
 .debug_macro   0x000110f0      0x287 Drivers/STM32F4xx_HAL_Driver/stm32f4xx_hal.o
 .debug_macro   0x00011377      0x125 Drivers/STM32F4xx_HAL_Driver/stm32f4xx_hal.o
 .debug_macro   0x0001149c      0x270 Drivers/STM32F4xx_HAL_Driver/stm32f4xx_hal_cortex.o
 .debug_macro   0x0001170c      0x2a8 Drivers/STM32F4xx_HAL_Driver/stm32f4xx_hal_gpio.o
 .debug_macro   0x000119b4      0x29a Drivers/STM32F4xx_HAL_Driver/stm32f4xx_hal_rcc.o
 .debug_macro   0x00011c4e      0x271 Drivers/STM32F4xx_HAL_Driver/stm32f4xx_hal_uart.o
 .debug_macro   0x00011ebf      0x276 Drivers/CMSIS/system_stm32f4xx.o
 .debug_macro   0x00012135      0x27a Application/User/gpio.o
 .debug_macro   0x000123af      0x284 Application/User/main.o
 .debug_macro   0x00012633      0x270 Application/User/stm32f4xx_hal_msp.o
 .debug_macro   0x000128a3      0x27a Application/User/stm32f4xx_it.o
 .debug_macro   0x00012b1d      0x284 Application/User/usart.o

.debug_line     0x00000000     0x5d50
 .debug_line    0x00000000      0x815 Drivers/STM32F4xx_HAL_Driver/stm32f4xx_hal.o
 .debug_line    0x00000815      0x927 Drivers/STM32F4xx_HAL_Driver/stm32f4xx_hal_cortex.o
 .debug_line    0x0000113c      0x93e Drivers/STM32F4xx_HAL_Driver/stm32f4xx_hal_gpio.o
 .debug_line    0x00001a7a      0xa6f Drivers/STM32F4xx_HAL_Driver/stm32f4xx_hal_rcc.o
 .debug_line    0x000024e9      0xefb Drivers/STM32F4xx_HAL_Driver/stm32f4xx_hal_uart.o
 .debug_line    0x000033e4      0x6d4 Drivers/CMSIS/system_stm32f4xx.o
 .debug_line    0x00003ab8      0x6ba Application/User/gpio.o
 .debug_line    0x00004172      0x6d0 Application/User/main.o
 .debug_line    0x00004842      0x67c Application/User/stm32f4xx_hal_msp.o
 .debug_line    0x00004ebe      0x6fd Application/User/stm32f4xx_it.o
 .debug_line    0x000055bb      0x6bd Application/User/usart.o
 .debug_line    0x00005c78       0xd8 Application/SW4STM32/startup_stm32f407xx.o

.debug_str      0x00000000    0x75e3f
 .debug_str     0x00000000    0x748e6 Drivers/STM32F4xx_HAL_Driver/stm32f4xx_hal.o
                              0x74c6a (size before relaxing)
 .debug_str     0x000748e6      0x3c1 Drivers/STM32F4xx_HAL_Driver/stm32f4xx_hal_cortex.o
                              0x74add (size before relaxing)
 .debug_str     0x00074ca7      0x311 Drivers/STM32F4xx_HAL_Driver/stm32f4xx_hal_gpio.o
                              0x744ee (size before relaxing)
 .debug_str     0x00074fb8      0x3c8 Drivers/STM32F4xx_HAL_Driver/stm32f4xx_hal_rcc.o
                              0x7468c (size before relaxing)
 .debug_str     0x00075380      0x7fd Drivers/STM32F4xx_HAL_Driver/stm32f4xx_hal_uart.o
                              0x74968 (size before relaxing)
 .debug_str     0x00075b7d       0xb3 Drivers/CMSIS/system_stm32f4xx.o
                              0x74289 (size before relaxing)
 .debug_str     0x00075c30       0x4f Application/User/gpio.o
                              0x74226 (size before relaxing)
 .debug_str     0x00075c7f       0x7b Application/User/main.o
                              0x74d4d (size before relaxing)
 .debug_str     0x00075cfa       0x45 Application/User/stm32f4xx_hal_msp.o
                              0x745c5 (size before relaxing)
 .debug_str     0x00075d3f       0xc7 Application/User/stm32f4xx_it.o
                              0x7411b (size before relaxing)
 .debug_str     0x00075e06       0x39 Application/User/usart.o
                              0x74715 (size before relaxing)

.comment        0x00000000       0x70
 .comment       0x00000000       0x70 Drivers/STM32F4xx_HAL_Driver/stm32f4xx_hal.o
                                 0x71 (size before relaxing)
 .comment       0x00000000       0x71 Drivers/STM32F4xx_HAL_Driver/stm32f4xx_hal_cortex.o
 .comment       0x00000000       0x71 Drivers/STM32F4xx_HAL_Driver/stm32f4xx_hal_gpio.o
 .comment       0x00000000       0x71 Drivers/STM32F4xx_HAL_Driver/stm32f4xx_hal_rcc.o
 .comment       0x00000000       0x71 Drivers/STM32F4xx_HAL_Driver/stm32f4xx_hal_uart.o
 .comment       0x00000000       0x71 Drivers/CMSIS/system_stm32f4xx.o
 .comment       0x00000000       0x71 Application/User/gpio.o
 .comment       0x00000000       0x71 Application/User/main.o
 .comment       0x00000000       0x71 Application/User/stm32f4xx_hal_msp.o
 .comment       0x00000000       0x71 Application/User/stm32f4xx_it.o
 .comment       0x00000000       0x71 Application/User/usart.o

.debug_frame    0x00000000      0xa6c
 .debug_frame   0x00000000      0x184 Drivers/STM32F4xx_HAL_Driver/stm32f4xx_hal.o
 .debug_frame   0x00000184      0x180 Drivers/STM32F4xx_HAL_Driver/stm32f4xx_hal_cortex.o
 .debug_frame   0x00000304       0xf0 Drivers/STM32F4xx_HAL_Driver/stm32f4xx_hal_gpio.o
 .debug_frame   0x000003f4      0x158 Drivers/STM32F4xx_HAL_Driver/stm32f4xx_hal_rcc.o
 .debug_frame   0x0000054c      0x330 Drivers/STM32F4xx_HAL_Driver/stm32f4xx_hal_uart.o
 .debug_frame   0x0000087c       0x30 Drivers/CMSIS/system_stm32f4xx.o
 .debug_frame   0x000008ac       0x34 Application/User/gpio.o
 .debug_frame   0x000008e0       0x60 Application/User/main.o
 .debug_frame   0x00000940       0x2c Application/User/stm32f4xx_hal_msp.o
 .debug_frame   0x0000096c       0x8c Application/User/stm32f4xx_it.o
 .debug_frame   0x000009f8       0x48 Application/User/usart.o
 .debug_frame   0x00000a40       0x2c c:/ac6/systemworkbench/plugins/fr.ac6.mcu.externaltools.arm-none.win32_1.3.0.201507241045/tools/compiler/bin/../lib/gcc/arm-none-eabi/4.9.3/../../../../arm-none-eabi/lib/armv7e-m/fpu\libc_nano.a(lib_a-init.o)
